14:02:27 **** Incremental Build of configuration Debug for project Task1_Week2 ****
make -j18 all 
arm-none-eabi-gcc "../Core/Src/main.c" -mcpu=cortex-m4 -std=gnu11 -g3 -DDEBUG -DUSE_HAL_DRIVER -DSTM32L432xx -c -I../Core/Inc -I../Drivers/STM32L4xx_HAL_Driver/Inc -I../Drivers/STM32L4xx_HAL_Driver/Inc/Legacy -I../Drivers/CMSIS/Device/ST/STM32L4xx/Include -I../Drivers/CMSIS/Include -O0 -ffunction-sections -fdata-sections -Wall -fstack-usage -fcyclomatic-complexity -MMD -MP -MF"Core/Src/main.d" -MT"Core/Src/main.o" --specs=nano.specs -mfpu=fpv4-sp-d16 -mfloat-abi=hard -mthumb -o "Core/Src/main.o"
arm-none-eabi-gcc -o "Task1_Week2.elf" @"objects.list"   -mcpu=cortex-m4 -T"C:\Users\shanw\OneDrive\Documents\GitHub\ECE2071_TeamE14\Task1_Week2\STM32L432KCUX_FLASH.ld" --specs=nosys.specs -Wl,-Map="Task1_Week2.map" -Wl,--gc-sections -static --specs=nano.specs -mfpu=fpv4-sp-d16 -mfloat-abi=hard -mthumb -Wl,--start-group -lc -lm -Wl,--end-group
Finished building target: Task1_Week2.elf
 
arm-none-eabi-size  Task1_Week2.elf 
arm-none-eabi-objdump -h -S Task1_Week2.elf  > "Task1_Week2.list"
   text	   data	    bss	    dec	    hex	filename
  14872	     92	   2116	  17080	   42b8	Task1_Week2.elf
Finished building: default.size.stdout
 
Finished building: Task1_Week2.list
 

14:02:29 Build Finished. 0 errors, 0 warnings. (took 1s.340ms)

